#-----------------------------------------------------------
# Vivado v2023.2 (64-bit)
# SW Build 4029153 on Fri Oct 13 20:13:54 MDT 2023
# IP Build 4028589 on Sat Oct 14 00:45:43 MDT 2023
# SharedData Build 4025554 on Tue Oct 10 17:18:54 MDT 2023
# Start of session at: Thu Apr 18 17:21:12 2024
# Process ID: 6007
# Current directory: /home/cdsmgr/Desktop/Projects/Hardware/Protocols/i2C
# Command line: vivado
# Log file: /home/cdsmgr/Desktop/Projects/Hardware/Protocols/i2C/vivado.log
# Journal file: /home/cdsmgr/Desktop/Projects/Hardware/Protocols/i2C/vivado.jou
# Running On: stew1, OS: Linux, CPU Frequency: 3493.750 MHz, CPU Physical cores: 4, Host memory: 8076 MB
#-----------------------------------------------------------
start_gui
open_project /home/cdsmgr/Desktop/Projects/Hardware/Protocols/i2C/i2C.xpr
synth_design -rtl -rtl_skip_mlo -name rtl_1
# Disabling source management mode.  This is to allow the top design properties to be set without GUI intervention.
set_property source_mgmt_mode None [current_project]
set_property top i2C [current_fileset]
# Re-enabling previously disabled source management mode.
set_property source_mgmt_mode DisplayOnly [current_project]
synth_design -rtl -rtl_skip_mlo -name rtl_1
set_property used_in_synthesis false [get_files  /home/cdsmgr/Desktop/Projects/Hardware/Protocols/i2C/i2C.srcs/sources_1/new/top.sv]
set_property used_in_implementation false [get_files  /home/cdsmgr/Desktop/Projects/Hardware/Protocols/i2C/i2C.srcs/sources_1/new/top.sv]
set_property used_in_synthesis false [get_files  /home/cdsmgr/Desktop/Projects/Hardware/Protocols/i2C/i2C.srcs/sources_1/new/testbench.sv]
set_property used_in_implementation false [get_files  /home/cdsmgr/Desktop/Projects/Hardware/Protocols/i2C/i2C.srcs/sources_1/new/testbench.sv]
synth_design -rtl -rtl_skip_mlo -name rtl_1
